// Jest Snapshot v1, https://goo.gl/fbAQLP

exports[`LoginForm Snapshot matches the snapshot of the Login page 1`] = `
Object {
  "asFragment": [Function],
  "baseElement": <body>
    <div>
      <div
        class="container"
      >
        <div
          class="screen"
        >
          <h1>
            Login to see Polls
          </h1>
          <form
            class="login"
          >
            <div
              class="login__field"
            >
              <input
                class="login__input"
                data-testid="username"
                placeholder="User name / Email"
                type="text"
                value=""
              />
            </div>
            <div
              class="login__field"
            >
              <input
                class="login__input"
                data-testid="password"
                placeholder="Password"
                type="password"
                value=""
              />
            </div>
            <button
              class="button login__submit"
              data-testid="submit-btn"
              disabled=""
              type="submit"
            >
              <span
                class="button__text"
              >
                Log In Now
              </span>
            </button>
          </form>
        </div>
      </div>
    </div>
  </body>,
  "container": <div>
    <div
      class="container"
    >
      <div
        class="screen"
      >
        <h1>
          Login to see Polls
        </h1>
        <form
          class="login"
        >
          <div
            class="login__field"
          >
            <input
              class="login__input"
              data-testid="username"
              placeholder="User name / Email"
              type="text"
              value=""
            />
          </div>
          <div
            class="login__field"
          >
            <input
              class="login__input"
              data-testid="password"
              placeholder="Password"
              type="password"
              value=""
            />
          </div>
          <button
            class="button login__submit"
            data-testid="submit-btn"
            disabled=""
            type="submit"
          >
            <span
              class="button__text"
            >
              Log In Now
            </span>
          </button>
        </form>
      </div>
    </div>
  </div>,
  "debug": [Function],
  "findAllByAltText": [Function],
  "findAllByDisplayValue": [Function],
  "findAllByLabelText": [Function],
  "findAllByPlaceholderText": [Function],
  "findAllByRole": [Function],
  "findAllByTestId": [Function],
  "findAllByText": [Function],
  "findAllByTitle": [Function],
  "findByAltText": [Function],
  "findByDisplayValue": [Function],
  "findByLabelText": [Function],
  "findByPlaceholderText": [Function],
  "findByRole": [Function],
  "findByTestId": [Function],
  "findByText": [Function],
  "findByTitle": [Function],
  "getAllByAltText": [Function],
  "getAllByDisplayValue": [Function],
  "getAllByLabelText": [Function],
  "getAllByPlaceholderText": [Function],
  "getAllByRole": [Function],
  "getAllByTestId": [Function],
  "getAllByText": [Function],
  "getAllByTitle": [Function],
  "getByAltText": [Function],
  "getByDisplayValue": [Function],
  "getByLabelText": [Function],
  "getByPlaceholderText": [Function],
  "getByRole": [Function],
  "getByTestId": [Function],
  "getByText": [Function],
  "getByTitle": [Function],
  "queryAllByAltText": [Function],
  "queryAllByDisplayValue": [Function],
  "queryAllByLabelText": [Function],
  "queryAllByPlaceholderText": [Function],
  "queryAllByRole": [Function],
  "queryAllByTestId": [Function],
  "queryAllByText": [Function],
  "queryAllByTitle": [Function],
  "queryByAltText": [Function],
  "queryByDisplayValue": [Function],
  "queryByLabelText": [Function],
  "queryByPlaceholderText": [Function],
  "queryByRole": [Function],
  "queryByTestId": [Function],
  "queryByText": [Function],
  "queryByTitle": [Function],
  "rerender": [Function],
  "unmount": [Function],
}
`;
